"06-resolve-id.cl", line 18:5, Semantic error: Class A redefines attribute f
"06-resolve-id.cl", line 12:15, Semantic error: Undefined identifier self
Compilation halted
