"19-self_type.cl", line 5:11, Semantic error: Method h of class A has formal parameter y with illegal type SELF_TYPE
"19-self_type.cl", line 2:9, Semantic error: Class A has attribute x with undefined type SELF_TYPE
"19-self_type.cl", line 5:24, Semantic error: Class A has method h with undefined return type SELF_TYPE
"19-self_type.cl", line 19:12, Semantic error: Class A has method f1 with undefined return type SELF_TYPE
"19-self_type.cl", line 21:16, Semantic error: Undefined identifier self
"19-self_type.cl", line 58:12, Semantic error: Class D has method f1 with undefined return type SELF_TYPE
Compilation halted
